// Jest Snapshot v1, https://goo.gl/fbAQLP

exports[`TeamContainer should match the snapshot 1`] = `ShallowWrapper {}`;
