// Jest Snapshot v1, https://goo.gl/fbAQLP

exports[`WelcomePage should match the snapshot 1`] = `
<section
  className="section-welcome"
>
  <h1
    className="welcome__h1--title"
  >
    ICED
  </h1>
  <img
    alt="nhl stadium"
    className="section__img--stadium"
    src="full-rink.jpeg"
  />
  <img
    alt="paint backround"
    className="section__img--paint"
    src="ice2.jpg"
  />
  <NavLogo />
</section>
`;
