// Jest Snapshot v1, https://goo.gl/fbAQLP

exports[`App should match the snapshot 1`] = `
<section
  className="section-app"
>
  <Route
    exact={true}
    path="/"
    render={[Function]}
  />
  <Route
    exact={true}
    path="/teams"
    render={[Function]}
  />
  <Route
    exact={true}
    path="/roster"
    render={[Function]}
  />
  <Route
    exact={true}
    path="/player"
    render={[Function]}
  />
  <Route
    exact={true}
    path="/favorites"
    render={[Function]}
  />
  <Footer />
</section>
`;
