// Jest Snapshot v1, https://goo.gl/fbAQLP

exports[`FavoitePlayersContainer should match the snapshot 1`] = `
<section
  className="favorite__player--container"
>
  <h1>
    Favorite Players
  </h1>
  <FavoriteCard
    key="0"
    name="name"
  />
</section>
`;
