// Jest Snapshot v1, https://goo.gl/fbAQLP

exports[`TeamCard should match the snapshot 1`] = `ShallowWrapper {}`;
