// Jest Snapshot v1, https://goo.gl/fbAQLP

exports[`RosterCard should match the snapshot 1`] = `ShallowWrapper {}`;
